Java HotSpot(TM) 64-Bit Server VM (25.301-b09) for bsd-amd64 JRE (1.8.0_301-b09), built on Jun  9 2021 14:35:36 by "java_re" with gcc 4.2.1 Compatible Apple LLVM 11.0.0 (clang-1100.0.33.17)
Memory: 4k page, physical 16777216k(191996k free)

/proc/meminfo:

CommandLine flags: -XX:InitialHeapSize=62914560 -XX:MaxHeapSize=62914560 -XX:+PrintGC -XX:+PrintGCDetails -XX:+PrintGCTimeStamps -XX:SurvivorRatio=8 -XX:+UseCompressedClassPointers -XX:+UseCompressedOops -XX:+UseParallelGC 
4.987: [GC (Allocation Failure) [PSYoungGen: 16328K->2036K(18432K)] 16328K->10792K(59392K), 0.0068835 secs] [Times: user=0.01 sys=0.04, real=0.01 secs] 
13.512: [GC (Allocation Failure) [PSYoungGen: 18329K->2032K(18432K)] 27085K->27163K(59392K), 0.0085173 secs] [Times: user=0.02 sys=0.07, real=0.01 secs] 
13.521: [Full GC (Ergonomics) [PSYoungGen: 2032K->0K(18432K)] [ParOldGen: 25130K->26870K(40960K)] 27163K->26870K(59392K), [Metaspace: 3786K->3786K(1056768K)], 0.0112070 secs] [Times: user=0.10 sys=0.00, real=0.01 secs] 
21.987: [Full GC (Ergonomics) [PSYoungGen: 16383K->2000K(18432K)] [ParOldGen: 26870K->40617K(40960K)] 43254K->42617K(59392K), [Metaspace: 3795K->3795K(1056768K)], 0.0136779 secs] [Times: user=0.09 sys=0.03, real=0.02 secs] 
Heap
 PSYoungGen      total 18432K, used 11048K [0x00000007bec00000, 0x00000007c0000000, 0x00000007c0000000)
  eden space 16384K, 67% used [0x00000007bec00000,0x00000007bf6ca250,0x00000007bfc00000)
  from space 2048K, 0% used [0x00000007bfe00000,0x00000007bfe00000,0x00000007c0000000)
  to   space 2048K, 0% used [0x00000007bfc00000,0x00000007bfc00000,0x00000007bfe00000)
 ParOldGen       total 40960K, used 40617K [0x00000007bc400000, 0x00000007bec00000, 0x00000007bec00000)
  object space 40960K, 99% used [0x00000007bc400000,0x00000007bebaa440,0x00000007bec00000)
 Metaspace       used 3802K, capacity 4536K, committed 4864K, reserved 1056768K
  class space    used 417K, capacity 428K, committed 512K, reserved 1048576K
